exports[`c3 visuals renders a snapshot 1`] = `<c3Visuals />`;
