exports[`dash buttons renders a snapshot 1`] = `
<Route
  render={[Function]} />
`;
