exports[`dash button renders a snapshot 1`] = `
<div
  id="dash-button">
  <button
    className="ui button" />
</div>
`;
