exports[`oauth redirect renders a snapshot 1`] = `
<Route
  render={[Function]} />
`;
