exports[`support image renders a snapshot 1`] = `
<div
  id="support-image" />
`;
