exports[`basic info form renders a snapshot 1`] = `
<div
  id="form-footer">
  <div
    className="ui grid">
    <div
      className="column sixteen wide">
      2017 Infinity Worldwide Inc.
    </div>
  </div>
</div>
`;
