exports[`oauth button renders a snapshot 1`] = `
<div
  className="o-auth-button">
  <a
    href="http://levelwater-server.herokuapp.com/auth/google">
    <img
      alt="Login With Google"
      src="google-oauth-button.png" />
  </a>
</div>
`;
